// Jest Snapshot v1, https://goo.gl/fbAQLP

exports[`Tests in <TodoItem/> Component should show  successful 1`] = `
<li
  className="list-group-item"
>
  <p
    className="false"
    onClick={[Function]}
  >
    1
    .
    learning Android multiplatform
  </p>
  <button
    className="btn btn-danger"
    data-testid="btn-delete"
    onClick={[Function]}
  >
    Borrar
  </button>
</li>
`;
